[BAD] ID 1 - 39e570a590142c8b5efed442e185078a3aae0370011e04f752863d49-2b01-409f-80b1-83029c1143d0 (Matched 34.png)
[BAD] ID 2 - 1397b90cd2a8c67a220a7ea1b6417d24c52550d929822046c18011a5-1ef5-4192-ab1f-22fb44b4e46f (Matched 34.png)
[BAD] ID 3 - 43187a49b9ce4fc99797d318e30c56e51f49866cdbec9f84a5fa5c3e-2306-4c58-814e-1831be11e790 (Matched 34.png)
[BAD] ID 4 - bfe60791e03a75183469e69dd5be3cecb5cbc0f3e5772eef096e6f99-c83b-4267-99dc-8171b6c6bfaa (Matched 34.png)
[BAD] ID 5 - c55ae5959121d59f7da76023783b407e6f1d9096aec6fa179fa693c8-5f7f-45ef-a2b5-2161720255ba (Matched 34.png)
[BAD] ID 6 - a9cf5c16675fdb261f436f09ea2dbd650fb247aed27c8ad17efd49b0-a6c4-4a22-ab20-e74b0ba8c196 (Matched 34.png)
[OK] ID 7 - 23791e9e9c3a6927356e797e2b459629204befe2c6751791408ba636-f6d7-4909-be56-b95873d94e89 (Attempts: 1)
[BAD] ID 8 - d02b7dc4dc5f87fb3ae31889dc22d2809d3612a9a27c29abc9e15bd8-852a-48ff-b76d-d359c05e5017 (Matched 34.png)
[OK] ID 9 - 78b949dc3d345364557d174074fa99c44d6903ecd804957abbe4eb14-8a71-4448-8523-ea10a41d571b (Attempts: 1)
[BAD] ID 10 - e074aa0280e4070ed1e383f6797853f7487713ddfcdc20bb23270c10-55f0-45b9-a4a6-476a9b5dcfb5 (Matched 34.png)
[BAD] ID 11 - 2f67c3f7b308e24722bb1d13c7221f18e65395c2f545c8246d64483f-fac8-4f32-87a2-c200b8eca94b (Matched 34.png)
[BAD] ID 12 - c4466100eb22d0113b2ff85ce84dd8536c142aaac8357a124c8b7e4b-daa4-4732-835b-f0bfbe2d35ed (Matched 34.png)
[OK] ID 13 - 4d53b454947b84f9d3523c3a12337d69efee1d8b619e4f45136f1197-ae8a-4963-b611-5faa37e9f278 (Attempts: 1)
[BAD] ID 14 - 63913caa08e391982757832b906613ae095b1ed0b174ad98a6dad087-7165-49e0-81c9-1e90f6142f94 (Matched 34.png)
[BAD] ID 15 - 80abd31d9dec5bb78a165289d6ca8c2f69f13495692beaf8d76c795e-6229-48eb-a76f-cef4ede60adb (Matched 34.png)
[BAD] ID 16 - 407b7f49f895197e192b9864dade28d37d626d36dc3fe3719dbd507f-d791-4ae7-8122-47b2fd2a592f (Matched 34.png)
[BAD] ID 17 - 428123db2df0f506a8ca4f026ff45d0cf976efa47a9c9d82aca8489a-31b1-4147-9f46-1108e33fc7e3 (Matched 34.png)
[BAD] ID 18 - e4338b6099cc40bb90aaefbb2e5e02f98788f7330c2b470bb5cbbca9-b0ce-4dc9-a52f-91c273fa7753 (Matched 34.png)
[BAD] ID 19 - 9cbb9b1b5e4ada80dfe58307f5b46c31a5b52d002b0a640e7e7c749d-19e7-4506-8d8c-5382835f2d5d (Matched 34.png)
[OK] ID 20 - a53a9353669f161b47a768afdf45e9b2cbb288f27017b481dd1ec146-d032-4852-8980-3ff5eb96f723 (Attempts: 1)
[BAD] ID 21 - 70be7fccf65535d2c03efa6d5fa93e8cd0181b8f3d0f319f9f2e2213-bf78-48e1-8ab5-ec3785a078dd (Matched 34.png)
[OK] ID 22 - 7cc5b2c07933b60ada8feee2de85f2739384109ef42c4994cf41c2ce-1324-49f8-abec-6bc441fffcfe (Attempts: 1)
[BAD] ID 23 - f3bdc254e13aa835059f8da16fe3b5ee64c5d186f933e8e3cda7748d-8392-43ab-9614-4b58baf14b24 (Matched 34.png)
[BAD] ID 24 - 9c2ff591acd8c29b4c9e545de2b3e15b911ee741c7e2bb773ca6a580-d7a2-4e37-9c14-a67fbb179175 (Matched 34.png)
[BAD] ID 25 - 1760753bdfebb8648612a3f18f1a8a3a28af9ad124264e0670a6c94a-1eb5-47df-bcfa-7af02e95db17 (Matched 34.png)
[BAD] ID 26 - fce0c8b060584b98d610e2d9d1c10b77b6fc6d12d2f9079930773b87-80af-46a8-bdfa-2e7c4e63fc8c (Matched 34.png)
[BAD] ID 27 - 331f2d0f1ddddcc1724ea3d4c99880d7fef8d2a70f2c844330821efa-721b-4179-a8b1-a716f8ca50a3 (Matched 34.png)
[BAD] ID 28 - 9eb9391f2c77f19d88b9d1773677181ec4c264c8c04932266a42d574-3218-4e2b-b395-fb17ccf1b680 (Matched 34.png)
[OK] ID 29 - d4e89506da5417f9747437ade0dabcdd398fb48fb7d161aff31f60f9-bbf4-45e9-b40b-bac725f10332 (Attempts: 1)
[BAD] ID 30 - b3ef04fdd4ec077ed87a509ebc9b9d9fd38d4d3775e58f43113505e9-40a2-4e97-bf29-4dc4b0e19921 (Matched 34.png)
[BAD] ID 31 - e26ca35d85f380260536181f3276ea3027a79d07966f32c156a64861-ba8f-474d-b6a7-d89931878c9a (Matched 34.png)
[OK] ID 32 - 3d93557e0e96ca2b5e8b5fb5c0b1e125c4e72122269081fb5bd00ff9-84fe-4e99-bbe2-81521cb6cb9a (Attempts: 1)
[BAD] ID 33 - 892e3923cdaf25ddee4ab4782cc0c999f3b2189e4fceccd04fe6c648-bd1b-459d-ba55-6e9a58c51ffe (Matched 34.png)
[BAD] ID 34 - d86ee8c8038d7dbfdcf104d939e07c849c85cc338ea89c72de9f90ca-6714-4b0e-845d-7f9b9fdab4c9 (Matched 34.png)
[OK] ID 35 - 1b190a291f56efcb98f3c9cf698ea9aa57ab229b738e693898b52e19-f8c3-41e5-bd92-dbbd3064dc7a (Attempts: 1)
[OK] ID 36 - 6fa72e106c4cc1d1bbd43d1aa6cd1408c540b0d1d660b55cbe06b0e9-381b-4c15-b381-3daf5abe3ac9 (Attempts: 1)
[BAD] ID 37 - aaf0d2988d1f6578e5cd64505bb2df52ab0e760c9f8d2405b012aaa6-0c97-4fe6-b2e2-dcd8ba961d71 (Matched 34.png)
[BAD] ID 38 - de2fbf881b954327a64ed7fc66f43c2a40a8661510b925e88a7d4445-8c2d-4d14-b14d-94235c29fcea (Matched 34.png)
[OK] ID 39 - 928d7eaf901e67c1fb219c50f559954c6a27732cc0076eeb401548b3-b4c2-460f-9a2e-dfbf8b43502a (Attempts: 1)
[BAD] ID 40 - 332ab1e7c40fdce0a833aab5fb2407436ec0c7ea1009ef2414291c7d-af4e-4f08-8554-9fa5cf8274e7 (Matched 34.png)
[OK] ID 41 - 0728bb6cedf794db8b7cf8c5ca5c9e534be3c2ee673be3067059005f-8636-40c3-bd50-c33acf441936 (Attempts: 1)
[BAD] ID 42 - 190b5434f94ec32f2ba795c86ee13196a8d9a2822c917247d6bbbeb0-681b-45d4-8630-4f5329fca664 (Matched 34.png)
[BAD] ID 43 - ff8fb6a3254ace009da0444c3a4d4327b287a86879f12e9c585b2ee4-81da-46a1-be56-010936b40157 (Matched 34.png)
[BAD] ID 44 - 773fec523a950dec38a96330ce9b6dcbbe0bf2a3321b5b451e676fc2-00db-4188-9bc5-ffe461e0e0a0 (Matched 34.png)
[BAD] ID 45 - 936c5ab7d2ef58faa07974661c636ddf76e4b2a1a65304fedcfc309f-ca23-4f84-9a78-082264a4b79e (Matched 34.png)
[BAD] ID 46 - f8ed076b5023fc06aacf4bd61557fe797a05cba59f392a3b04e917a6-cd61-4416-a4e1-eb33a8449e2d (Matched 34.png)
[BAD] ID 47 - b1e96e0f4d32bb48176890ef01681883125baaee80de7808f85e929d-655a-42a4-80bb-b00b7fd9cf0a (Matched 34.png)
[BAD] ID 48 - 21eee4b8854804ec5d9101e1e889020f20e5377b77b5c955df2314ef-f2b8-4dd7-b984-a600e06bb113 (Matched 34.png)
[BAD] ID 49 - 3748edc8961cd7154e3e06b8b2f9d0f75e7f2707e3ed551921142f4a-eda0-494d-9024-5d3c81c28813 (Matched 34.png)
[BAD] ID 50 - ee8b13c8111cfb231b9c5bda87e78464c0fa62b078cdf58bc3639091-8761-4b36-adbb-917a16e60327 (Matched 34.png)
[BAD] ID 51 - 85b002dd32d626e1313d11c674bfea6ff3662c4dc05553c0c31be814-bd64-41e7-b937-a7d9e50cd3dd (Matched 34.png)
[BAD] ID 52 - e80fdaf5e1b56d4ad4cfb77b2e540ebb9d33acab2d59dd1b6c541bbe-882c-4bea-996d-de02b3c0ccd5 (Matched 34.png)
[OK] ID 53 - 001cf519cc89f55e22cde8b9266579305b84e9af4e381db00c4a6466-beb9-4129-beba-ab8791b1a0aa (Attempts: 1)
[OK] ID 54 - 949eb8b412046f1e81d8be0db4f6c029d811f7d1836b34d48351950b-fa33-4e24-bccc-bf479433ec3f (Attempts: 1)
[OK] ID 55 - 9ec50adf46bb6eaa0337edbe92af39f89dc487ee919b2a50f5863300-f5b3-4c8d-80ea-f124eff55de2 (Attempts: 1)
[BAD] ID 56 - 750477530a86f37298c075d7f05c8cd0292c652db8ad5fab99c970a8-a0cb-4e12-9565-82e7370970c7 (Matched 34.png)
[BAD] ID 57 - 746fe487bcb63295d694abe7265315228c3491697cc7c403be3dea62-cdc0-4f6a-94da-c6ff1c9140be (Matched 34.png)
[BAD] ID 58 - 2b4b54307df4e1ec5e0c22e92deb828f28327ba8d75f6a8fa9734f16-0ebf-4c96-9f22-5c577de362f9 (Matched 34.png)
[BAD] ID 59 - 8dd8b8debbe33e59c43e3f624b44b46e8e4b3d6851e92d81e598c348-8c5b-4b1a-85f8-defced837a85 (Matched 34.png)
[BAD] ID 60 - a1110abd1decbec858164cbab60216e8bfe3e6feb2bb2d36b31deba9-0f7b-4416-bc4d-cd8e9aa19528 (Matched 34.png)
[BAD] ID 61 - 4c6bcac13693014e92a195371b526c9b0d5efa0d7916c1c15172ebd2-8655-4601-bf87-a496cf915105 (Matched 34.png)
[OK] ID 62 - f5995869aa0e170ed24148d2143ad36bef8e176595933edff0aad0d7-71f8-44f8-9ae4-5e133efde1c4 (Attempts: 1)
[BAD] ID 63 - 4491edc7bb2fac1666a3edb2bd06145382a2a7528e41992e5b6fe16d-d415-4d72-8ca1-7f8f3b36fee6 (Matched 34.png)
[BAD] ID 64 - f1009868ef1c8807539570d7932df5146e839212826db7b97c2267f0-a5b4-46d5-a9e4-feb708e1b7bd (Matched 34.png)
[OK] ID 65 - c718a3381a11538a84772c6b3e89a86743f3527c2a8c352ae2337fc4-535c-47da-b241-e8abdd9926f7 (Attempts: 1)
[BAD] ID 66 - bf48bf0badba95de5992886c15d8f9665bee98603dfdde7d4338ca2b-10ec-4f05-9f7d-fd757581cf39 (Matched 34.png)
[OK] ID 67 - 261c423d3c8f4bedf797f76612691b337b4caf8c32eee143e6046ad6-6ce5-4257-9b88-3d974ddf6d24 (Attempts: 1)
[BAD] ID 68 - ea195099285c4a646dad71b70bd1f0302299d33f9bb57d85d643c29c-362f-4238-8018-7a1337c1856c (Matched 34.png)
[BAD] ID 69 - 54a5ab13653f7e2e9e7ad4948ab8b34b198164a4c4b86c98238078e7-21f0-4228-916d-b5249d9411ba (Matched 34.png)
[BAD] ID 70 - 0213640d0e70e90db8b279b7859a6d446c1e2ffca69ed3695c6c4f98-b424-4a86-9ecd-48724b6810ff (Matched 34.png)
[BAD] ID 71 - ac518c4453961ec28a0465d3755dbfddf615d2d47f91bae0d8390497-fea5-481e-af13-8047ac3b6001 (Matched 34.png)
[BAD] ID 72 - 04e8e497a2555b3ad49b337c86ee18ae8ee9faabb553818e23c60112-6028-4972-ae9e-eec163fdd69b (Matched 34.png)
[BAD] ID 73 - 97ae1e19f6c18ebf48d5869370b2e8e6d1a3bea1ac3f0878313ca874-ed59-42db-bfc8-18bc3b01f9d5 (Matched 34.png)
[BAD] ID 74 - bf5129fc4ce26223c7631c371b504a7c4fff8647fcf236467ccc91eb-ec01-4c3b-bb34-347e1b32c3a1 (Matched 34.png)
[OK] ID 75 - c4e526032b57b3a5233ab07b524c27b06d4dbd25f5de849a8f8e6d7e-90aa-4535-b0c9-474778a520cf (Attempts: 1)
[BAD] ID 76 - af3834acd27485638df8534bbd60659c49c37411b9c12cf74cd23562-31d9-4cbf-878c-555404c0f2c8 (Matched 34.png)
[BAD] ID 77 - 3cfcd76b5549d10c1dab1020389627eebb7293f73b6b3e62999c144c-d9ac-4e5a-8b9a-99d3f0b3a4ac (Matched 34.png)
[BAD] ID 78 - c94cdc0f2a5343565ffa52dabd0db1a5b4d4c29927278f7db0d1c15b-33b5-433b-878e-700203dde42a (Matched 34.png)
[BAD] ID 79 - 849c02a25aded6049012101149f9cc4a306ef28c0f23d6e2f8c2380e-b37f-40a6-b6c2-cb45c04fe0f3 (Matched 34.png)
[BAD] ID 80 - 7c10d422c125206f56423e46b91d5c4775a609b92f103242964b46d5-47f6-40fa-983f-0249deb2b896 (Matched 34.png)
[BAD] ID 81 - 5d71bd872780bc0f00988057892eafe901873e099d37bad45c41910a-b110-49a5-96ae-2c8531999b7d (Matched 34.png)
[BAD] ID 82 - bb6a107b299af11e57d2064b0a783969b81f445d4a9197a112a56f8b-d17f-4f54-ba74-76d7b43f0735 (Matched 34.png)
[BAD] ID 83 - 2d9a237216b312ee9b1c1300541b8c5d4ef180f2c54a197e2c76ef96-6fff-437d-b7bc-162ea12fc5d2 (Matched 34.png)
[OK] ID 84 - 8b791e1b211ba1d81d04bf04b7da0af031cc886281c519ebe9e5bc82-3034-4bee-92ba-4de4b65de2c1 (Attempts: 1)
[BAD] ID 85 - ccbb882de6c7db603b97fe2b345730cefba01113b6c5a45b3265080c-77de-45fd-a4a2-d66aaa729d06 (Matched 34.png)
[BAD] ID 86 - 26dd360f13ff900c02e8147a241e7b2df584b067574df1993b8c9137-e7a2-4775-bdbd-0468b4c648c6 (Matched 34.png)
[BAD] ID 87 - 259b79fdaacbb968fa5b8a7092bda52768d2a9bbda5057fa9498af49-ae2a-4f26-89ab-e6fa369b2d5d (Matched 34.png)
[BAD] ID 88 - c5b8d58804f82362238ce5052f373c8e9ef797b82e4ee4baa883bcf9-d2c0-47c7-922b-0788f9be744f (Matched 34.png)
[BAD] ID 89 - 573ebe49ef5c8fd9517b17fbb827cf2326b4fa955e9e9117857ca9e6-858e-4d1b-bf94-f439049a6634 (Matched 34.png)
[BAD] ID 90 - db3c3e2788478b531b994232e79ae3e45bec30715c90875b2d073d4e-63ac-47c3-995d-07dd292d60c4 (Matched 34.png)
[OK] ID 91 - 7900a0c0f880dc01f9a366ad633d7789cca3405a0a57808bae77a366-92a0-4e86-bf92-bb76d5731627 (Attempts: 1)
[BAD] ID 92 - 3fc91aa75b5afea1fc743a4835a3fd2bce2367002c696b8981696ab0-9399-4953-bf5d-d48f08aae7b9 (Matched 34.png)
[OK] ID 93 - 26e97d1712e18ba15dc03f3350ebc86ff0fa661fec4349d759d910b5-56e8-477f-bd6e-4f953f4ed9e6 (Attempts: 1)
[BAD] ID 94 - fd0466df4e7a66d68406dc3a65c43d334f13ff1eed3486525c96c329-7f30-48e7-bbd3-0d772f321c4e (Matched 34.png)
[BAD] ID 95 - 3fb46bc705083d2838d909d7d1d31c7f520d251e2f4226ecb03ba052-7813-4204-a4a7-173b0d7e554a (Matched 34.png)
[OK] ID 96 - bce9b112d161857196a727ff0a4965a2a68481c6f8e47c597cb32e35-6305-4b8a-b2e3-537a14171ab2 (Attempts: 1)
[BAD] ID 97 - 1d68893815c11a5103da9c5dcee103594ee9b83bfb377938aed19c89-3909-470b-8444-0016d807e69d (Matched 34.png)
[BAD] ID 98 - 1df82e3580a836c25a9c04db47c24ad71747e4c767253099a311626f-ced8-4c8c-9ae4-686f24ada4ed (Matched 34.png)
[BAD] ID 99 - 9eda6cb7e502934d0410cb4816e5e7e51b1f60b8da5ea6c8c62c83f8-4a7b-41f8-adb4-eda180780e0d (Matched 34.png)
[BAD] ID 100 - a081ae98d8fc5552dd0857e9fe3c24655d32356a7059682670a60087-7712-4b34-b4e0-df0ff97ddea1 (Matched 34.png)
[OK] ID 101 - 121b5403523dc5a23e615efff0cbac27d8e45138008f756165620eea-a87a-4d8f-a471-1f5a3451e28a (Attempts: 1)
[BAD] ID 102 - 2c87d888958fc48598a451bf6fc52ce82a8bc389848c128ad707bd44-4a73-4b24-b5fc-96d42eccd17c (Matched 34.png)
[BAD] ID 103 - a87290db0478f9eabf70cb73846fa425836bab14e8d056efb5c17de1-9708-448d-a89f-4faf8829b6b9 (Matched 34.png)
[BAD] ID 104 - b995f5fa48ecb04ed1831f6dbce115b0115e4cd6fd8cfb5316969017-280d-4760-a410-b7fe2093016a (Matched 34.png)
[BAD] ID 105 - d1a89b985d1caf0a4764a956f9290a502896a4d1f56c80d90d114ca0-9871-4ede-aac2-5360b93f5b75 (Matched 34.png)
[OK] ID 106 - b8fb0a46f432b8f635f48621d8c565648695c6a499b4c0a3c77357ff-333a-47c1-9636-b517188d382c (Attempts: 1)
[BAD] ID 107 - 172e4ae38c9984fa8fd96732129cccfa8bfbf1c6044f06d57b2b218b-3d33-4960-a750-9b8223d2d598 (Matched 34.png)
[BAD] ID 108 - c5ea902e0484c9d937ed94681e4cd83923a351e3a44bd2ce312d33c9-b7c8-4c23-94e8-de2e6ae18d3e (Matched 34.png)
[BAD] ID 109 - 0c5918e6aae6249ab01ee355ff5c0c16c782abe465c16b3339894763-bdec-4867-bf87-3ae47baa856d (Matched 34.png)
[BAD] ID 110 - f8ce8c6c75f735cfed511cdf609fd442b4a03a4c9c124e4812e3e6a8-8918-4257-817e-03034bfabe11 (Matched 34.png)
[BAD] ID 111 - ebfd8aed534c374d09056a30cd77f90bc2f73f99eeb516f05007dd18-ff87-4320-a4bb-f1951b43b81d (Matched 34.png)
[BAD] ID 112 - f0b17fac5f9d5fef9bdee388fb8ea3e92b5f6def0ed6c518cc054c01-bda3-4496-bcf6-4968d2bde225 (Matched 34.png)
[BAD] ID 113 - c787e1ecd27cfffa66422e158b36674fb429cd9b8390e6ff29a89ca4-1c85-4a6d-a07b-52f6c639fb4c (Matched 34.png)
[BAD] ID 114 - e7d9d7449fc97e11c72822fb3b49109cbed4b1fcd0b1a36831e759ab-c9ff-4a57-a6f6-6d6efaaac950 (Matched 34.png)
[BAD] ID 115 - 4c379b701778b1d2da0016ba350115a2780dcf721bff3c3f7c0f591a-332a-4ab0-a480-1621a36e1730 (Matched 34.png)
[BAD] ID 116 - e30b16a445b5eb1ad3af505ff3bb5480ca04a2f05e94d15635aee084-0f39-44ea-9ad5-ff04b4a2ca0b (Matched 34.png)
[BAD] ID 117 - 370033f86b0567faf8e421a63ff749a28857f0631db8314509d2ee02-d232-40a4-bda4-d87b25600d46 (Matched 34.png)
[BAD] ID 118 - 14a3bf9760a824b3b0385148728525c63357b3c5f8b1b5109cc8adb1-b01f-4d07-89c1-9992c9e86190 (Matched 34.png)
[BAD] ID 119 - 86f4e7732b0405c40d17b98c55eb7e7206b15207591774a3ac29500c-52b8-4e4f-8200-a62d94f69c8f (Matched 34.png)
[OK] ID 120 - 08e04c88257adf0d71ecafbc9aac5596810c98c64e5ba96cd67ccf36-2083-4a84-9394-ba01a4d5cc0e (Attempts: 1)
[BAD] ID 121 - 157d8c471cf55a9f40f1b4d2bca799a5c90c9a48bf432885ba7ce3b8-1f05-4ff5-88c8-035a9f3e811d (Matched 34.png)
[BAD] ID 122 - d20b20d1a62226d95fb4ea7ad105fe9c7c46c74b6be84bcbc02069c9-1256-4f8d-b4d3-dbaea6818152 (Matched 34.png)
[BAD] ID 123 - ca714753eaac7af730dde7a37779b43dda426caf0a488ea71cd4ec86-1190-4077-b5fd-2098498a8afc (Matched 34.png)
[BAD] ID 124 - 894be8601001bd8529071e2bb6c875df61617655423a80d0458898c8-0ae7-4d43-8e9b-094f454521be (Matched 34.png)
[OK] ID 125 - 22baa8baebab9f79858a1f7c00be69a56bc2bac679e7f646f6cd067b-a4c9-4521-927f-66b5127d875f (Attempts: 1)
[OK] ID 126 - 2929d409fef45dae85d53dcdd7fab97142b8ad5778e119fbe97ae407-7786-43f3-934d-8a11778072d6 (Attempts: 1)
[BAD] ID 127 - df758e2354cc373e54904e0cccc5eaee140e1f7d3006d9f40555d7ba-72a6-41f6-bb6a-c8c5cfeeac9d (Matched 34.png)
[BAD] ID 128 - 74e4da81608950b5e5de89f5f91467116791fb0d1b2a31bb16063b41-541a-48cf-95cc-1f0351777e8e (Matched 34.png)
[BAD] ID 129 - d200c16d99f240fdeabedce65879a325c283b7c2c60183d87dc3b0dc-f1f1-4842-a238-4f13c848e892 (Matched 34.png)
[BAD] ID 130 - a6133ef46e6afd04226c72145168ff5a5af4718aeb92c706366478d7-3a35-4e16-97dc-3d52687aa6be (Matched 34.png)
[BAD] ID 131 - d90c4d46db40d26337204e1ca1528ae6d58164fe6a2a19dbae8e862c-0850-4af6-ae6d-704e5015487b (Matched 34.png)
[BAD] ID 132 - 1b58ba7fd706545dc8e4a5457ad0a7f647bb70d5a787165705a7ebb6-8030-4563-b927-bf58eeed08e3 (Matched 34.png)
[BAD] ID 133 - 7282af52bde04e792c649fdfe9340326311b9096c57129c7e0349679-b402-4150-a51c-3480b5f34d73 (Matched 34.png)
[BAD] ID 134 - 9c4abc0fc5459b3f8b124bd6eccbd007b2cccfb67f02ac243ae58921-1dbe-47b7-947e-f99d44c72777 (Matched 34.png)
[OK] ID 135 - 5593f87510ee9f8738512976f21e0ca4cc5aed8182aba729a070e6ed-0522-4274-99d7-d64a2d23fb3c (Attempts: 1)
[OK] ID 136 - 8c59f6c6f5c94614869c2ea5f1983a1110b03c2762adfdbc33b44254-8d57-43dc-86ec-ee644e4def37 (Attempts: 1)
[BAD] ID 137 - d1c33cc2e3b5cf898c6ae6af553ccf6f869633bc080f10971787324f-6559-49fa-8117-412846337df7 (Matched 34.png)
[BAD] ID 138 - 50e4a2090a5d58cfb0e03c860fbf37c9ae9c1ad1052824e1b4509e59-1de0-409a-9461-7f53f2592a89 (Matched 34.png)
[BAD] ID 139 - b6156d6a3a517d8642e18d2aba452461cc531e016f4defb14d337031-3d86-4aa7-97f0-27f7db4dc9b6 (Matched 34.png)
[BAD] ID 140 - 829772d18556f6892a9f2bc4ff561c6af10eac4c52b35a0d48ec8481-7f7c-4b22-a558-973ed1e64836 (Matched 34.png)
[BAD] ID 141 - 024e5eee460c702a0f198d2f778b16eba1733e250b0577729d2153c3-945d-4ff6-8bb1-e6070534d22f (Matched 34.png)
[BAD] ID 142 - 0677be5f783e0e13b355e30b24473023b77230cb284c3d5ea56f1ee0-64df-44ba-a701-56359e39dcc1 (Matched 34.png)
[BAD] ID 143 - 9a0e18f271da793e3da7b7901be4b42471a35ec743003bc8403ed908-4cba-4820-94f0-cc5eef72d2ec (Matched 34.png)
[OK] ID 144 - 0019fd63b0eb26a6210bbb8405e7c23d634706fa13acd7ee72a24b4f-63ed-4c59-9788-d5d9eb5fcf9f (Attempts: 1)
[BAD] ID 145 - 7c4bd40dbaa3a541b68c3c497e52f1da3167472844f53f061fdb110c-2989-4756-95c6-1be0a39eb538 (Matched 34.png)
[BAD] ID 146 - 7d7f6294fc62f3874e261d35e0219aff0689addcd111d888ccc40027-bb59-49f9-893a-334129d0766e (Matched 34.png)
[BAD] ID 147 - aff15c629c45c6977b0060b6c345709e331ffb06ea5661d132e42c84-4d18-4428-a1df-37bdc6a7964a (Matched 34.png)
[BAD] ID 148 - bd9425eca107fc192da8892c4382232be7d57f439e25d09e1c9aaf4d-ca88-4fb9-9a1d-447714ab7ad9 (Matched 34.png)
[BAD] ID 149 - 149eba422860bc4bc71cce0ade2048ab73bd5f8de676ca37ea576953-95da-4640-9448-7ed973448fef (Matched 34.png)
[BAD] ID 150 - 17ff384f3379b08e82a2707038e3c440dc9957ff90cc667b70d41480-1bda-4476-a6e8-10ca1ad1abe1 (Matched 34.png)
[OK] ID 151 - 2f1e21b1d37735cc2fc379d7d282dc504b19791afce230a9de353a12-c16c-4e8e-a35c-c909134ddad3 (Attempts: 1)
[OK] ID 152 - 976ba965f3aafb2273346a79b4787e6540167e29623f33972e1fe024-5615-456e-b27b-3c64b71f2d45 (Attempts: 1)
[BAD] ID 153 - 40bdee28ebf2224bd9efcaffcf189ea006a8beef11be44f734e2c5cd-94c7-490a-b4c2-843b8db563a0 (Matched 34.png)
[BAD] ID 154 - 9a808b98bb153224c967fdcf150431e7339a5ec617407dced4049fd3-c25d-4c73-9817-d11e177192d4 (Matched 34.png)
[BAD] ID 155 - 8c757a888445313fc92401452d2c80ec272cec68d7cce5faebb5b5a4-486c-4bc7-8278-0ea94e2cb3bf (Matched 34.png)
[BAD] ID 156 - 9575aef906ed39d479d4e6b5a060224ee639dafc1363c201f5fbb022-d362-4487-b9d3-c83cda7cd2cb (Matched 34.png)
[BAD] ID 157 - 8da022ac34fb19cc9220acd28ad7dfb398367531c5ec749861004905-8a31-4263-a6c1-042ff9843d53 (Matched 34.png)
[OK] ID 158 - f391e11f9859512e1c6804c0ca873e0faf2ce9882e17fc2b1b83a7f7-55e5-4105-801c-6154708f765f (Attempts: 1)
[BAD] ID 159 - 198acd47cedcd3be986b395c77329f9a2f87778da979dbea899012d8-feb2-4916-bcc8-0bac46621ac3 (Matched 34.png)
[BAD] ID 160 - 1d3cfc44aa1e4ef1fb9fa201b6c083fde0ce94810d673e8eb2a23191-36ed-44ac-a1d1-fecd0ce468ad (Matched 34.png)
[OK] ID 161 - 9677e3390eaafbae511b8f3ba14e569d79ad1a25577f48c4be0bad82-2cdb-4e24-b8bd-08acfee19cd0 (Attempts: 1)
[BAD] ID 162 - 667a7825608df4225cde55fea9bd9758ddd520ff748a8e3eefc22af2-4fb7-4c05-a985-bfd37e0388a8 (Matched 34.png)
[BAD] ID 163 - bf6a1cef69fd516be332ea3ca51ff89d4b67b465d06e375f9ac4eed8-2700-4503-b42a-ef50be3be5d7 (Matched 34.png)
[BAD] ID 164 - c86e4b7338e8f728ad333dcbdfacee4868dc71b79789c6d5a70425f4-317a-403c-8753-97c854431d5e (Matched 34.png)
[OK] ID 165 - 51564d37dccf2aeb4ae172c9efc89e3ad0f358f455f0f52ff7aa13e1-bcfd-4c96-87fa-a88a44419116 (Attempts: 1)
[BAD] ID 166 - fd51efa45ab07a694986032d40d3b0292f3c62ddf223ce766c5780c3-042a-47d5-8982-0db90b0e95c0 (Matched 34.png)
[BAD] ID 167 - 7d71af2e83215426e3afab972b047ecf0d4b695c7591ac13fc237b1a-832b-4177-a40b-e3d3c6c9be93 (Matched 34.png)
[OK] ID 168 - dbd1b6ecf214ffbade72a1e33bda683be7f35ac45210cfe6de5304e8-53c1-43fd-b88b-3403a186bffe (Attempts: 1)
[BAD] ID 169 - ad27d43ffab6791e1ad95af7b1d422d0f5b2605430883a0f2a0bfa1a-87ac-4808-8507-abe08c285a54 (Matched 34.png)
[OK] ID 170 - 1d8d9271efbfffd706ef531f159c84ded2f8063a40e78b908769e011-8d19-4e2f-af2e-ac3ab566557c (Attempts: 1)
[OK] ID 171 - 08d71317d96a358384b7c0b9dbc6a9c1de1123367e5078329a037753-4a37-43da-a459-f24a694f2867 (Attempts: 1)
[BAD] ID 172 - 623b37d45c60fdc6806a1613d2ce58b911ae39c1ab88ee17224a486c-db41-476c-8455-a248358db785 (Matched 34.png)
[OK] ID 173 - d98a94a4434a8ebee2f7a4b5766fde907a23a470452503c7ee2e3ad3-c431-41f7-8aaa-05e4887131ae (Attempts: 1)
[BAD] ID 174 - c04917f82a36597c711caec0f0d874a9594f6dbb843792bd27fe5a7c-a814-4a07-b91d-a51aa943d18d (Matched 34.png)
[BAD] ID 175 - 3d75647434576b1b275fdec3c49c0532354bce057ebf13b14c94368e-2eae-4f4e-a139-92df41e1d810 (Matched 34.png)
[OK] ID 176 - 74318e5260e326bd6646be0775b8749f4ced1c4186f1e42bd8338865-a4c2-4c51-973a-9389ff0e2377 (Attempts: 1)
[BAD] ID 177 - 190a2651af0796fa40d4f77b971ec9dd82a00867f07eea2b24045e6e-03c7-4558-b022-ed807f8f786a (Matched 34.png)
[BAD] ID 178 - 3748edc8961cd7154e3e06b8b2f9d0f778cf9f5dee24e69721142f4a-eda0-494d-9024-5d3c81c28813 (Matched 34.png)
[OK] ID 179 - 1bd1656d4edf9224b3212a388c8da24affc7b1fa61a2827d019db830-1b5d-41f2-8963-b78f2f6c8f59 (Attempts: 1)
[OK] ID 180 - f4fb8db3420719d7686a3b6acd179679f5f97f03e5309825e53d7132-86c9-40ff-bcaf-d4b2d8f4e46d (Attempts: 1)
[BAD] ID 181 - 7da4af44b54d18f7a5401e4fd81c5c66d765e35f62a385bcb93096dd-0237-4a0b-8d5c-89af6cedd77a (Matched 34.png)
[OK] ID 182 - 08ab86bed6b4d7dc03259e02a3d249d20827a525a9db44de397ae153-8daf-480f-a2f0-44b57d60b61d (Attempts: 1)
[BAD] ID 183 - e30b16a445b5eb1ad3af505ff3bb54802ab8bed2f5146c1d35aee084-0f39-44ea-9ad5-ff04b4a2ca0b (Matched 34.png)
[BAD] ID 184 - 9783b4dcbfecba8b078bbc76f8a46f1e6284da442c1914a3b3659a79-070d-4660-ba7e-c42646c703d0 (Matched 34.png)
[BAD] ID 185 - 9fbe3b716219f5afc766c14d4fa890cc005f46d5aa11de3f6cdb470d-7134-4e4c-a3ce-5a4b8caad7b0 (Matched 34.png)
[BAD] ID 186 - 37db125844aadee893bbac65743f7e06e427b8bb48cd5e01ab5567ec-479c-4722-8192-9ae46d9239e6 (Matched 34.png)
[BAD] ID 187 - f6221e1fa2a0152c0ba01241ebbcc9e7a664f8664224d38da82ba0ca-e9aa-446f-9933-4c7aaa33c70c (Matched 34.png)
[BAD] ID 188 - 3d16d75177d8c2f437f512c0a4f5bda9893930caf361da5a1d234640-ea9f-4771-8e91-09baa497ca11 (Matched 34.png)
[OK] ID 189 - 1d31c11b2f6be58e9637ca4165f5b0292a17e398f51a5e13e5c35ce4-0d3e-48d8-b0b6-da89a7a48f21 (Attempts: 2)
[BAD] ID 190 - b5a61dc0ad6d1ca433e88d31f77e6a114d331076b7bae5cc4041cdf2-2383-4b90-9f12-05b0b2e1a38d (Matched 34.png)
[BAD] ID 191 - 9f47c42d40c4f7f133ef71bbfa5dc7ac3d48814d9875de53da1b322f-1259-4720-8d3d-fe9bb50192fe (Matched 34.png)
[BAD] ID 192 - 47c1f0b968b7ab9cb7df17befcb52e8de450dc49da44c966f0d7b8ca-268a-4d48-858f-0cba69d25601 (Matched 34.png)
[BAD] ID 193 - a0ff321512fd2a3b8afd7b23ad561d221a4d7f52f3fa54fd0b0c7f30-5cc1-497c-b978-a2bcc76fd8be (Matched 34.png)
[OK] ID 194 - 4134fb7b37e80ba85ea27c89c6656f57947a1b4d4a5debf43e012ab7-a95e-44ff-9af5-ddbd1ea6677d (Attempts: 1)
[BAD] ID 195 - 16de3fb6eed3572cc4da0a6a3a205c5b0cbb6b3f296da75156911baa-4b57-44da-9034-e170289adc09 (Matched 34.png)
[BAD] ID 196 - f07fa5a287840c7d0d52fe56fa079e239e5e9af6b99c8a6fbe6d309e-303b-4505-b344-2ad49e7f3af9 (Matched 34.png)
[BAD] ID 197 - e33e074253dc808fffaabee090f43549265661e0f16ea69fcd121aac-e03f-419f-bb4a-b26a9476e9cb (Matched 34.png)
[BAD] ID 198 - 4ff8c6d52386a524d19cb0746f3c81ebe37e5604975d993ae19b2a85-1a5e-4f1b-8ad7-a03f82fab126 (Matched 34.png)
[BAD] ID 199 - 7b3d1c4de5e2e122db6e5ea16cf65e13be1ba20bfe8123e32d874f4d-3867-4a66-906f-84dbb514d087 (Matched 34.png)
[BAD] ID 200 - 27ff42432d9c0a90310230eee0f7e28a98fe8c948735096ca215d748-f7a2-4c32-a021-e5277c313c44 (Matched 34.png)
[BAD] ID 201 - 2f70cecbdad1a7ab57b2904e4fb48faa206039c24a647f51ad85a2a6-2b6f-4e0c-9732-d25b2dd4ca9e (Matched 34.png)
[BAD] ID 202 - de346bfa1dafa02d8452b30686c511da47861a5220f69561f216390d-a3b1-4244-8d15-01c6964a67e9 (Matched 34.png)
[BAD] ID 203 - 406ca14c37e2f011106b39b307b2cb3627ca535d091c7225568f06e0-ff86-42e4-9491-2d63b7565010 (Matched 34.png)
[OK] ID 204 - 1e4c8115778ca1da32e0bbc5cd21a4fb028fee12abf90e54c7f71576-9d45-4d82-aabc-c38a7b03d0b6 (Attempts: 1)
[BAD] ID 205 - d541b8dcb7d8640d5d7652a6bf4b665c91e93da660e0ef0bce79c022-b82c-4730-8f7f-64f385c09538 (Matched 34.png)
[BAD] ID 206 - a4102ccd73c0274162f687568e381f4eb33495a2992d07bfdf0c29dd-e4f2-4674-838f-587d25b4943c (Matched 34.png)
[BAD] ID 207 - 6c67c5c6e124c6a90506aa72a42522bee31f5b95deea177369837164-f3f8-4460-898c-6cc583a2e48c (Matched 34.png)
[OK] ID 208 - 750477530a86f37298c075d7f05c8cd0292c652db8ad5fab1f91730a-cb30-48de-9985-496862c74685 (Attempts: 1)
[OK] ID 209 - e42423b92496dc75443e3d0571ef7213df1cdeca6774808e11fdf428-4c53-458c-9ac6-c847dff2d7a5 (Attempts: 1)
[BAD] ID 210 - 5780850f74651b3e4ef2419796fb47bdfc6655d075e45baf9dc33913-01dc-441d-94c9-f053d6cd8bb2 (Matched 34.png)
[OK] ID 211 - e9f3e465c32dd7ade72b68329fa54f2b186e029d9b98b80f8106defa-c099-4149-813c-c8386084f1ab (Attempts: 1)
[BAD] ID 212 - cac10c9318417da3edc109d24e722dbfc80eb41d70664b67d3335cb8-49f7-4134-91cd-ab050c46cdc7 (Matched 34.png)
[OK] ID 213 - 1409b36500e39b1a83e012162aaf6309ea19ea1c6a0de2694359bde2-d281-496a-8c17-2147d08fcc47 (Attempts: 1)
[BAD] ID 214 - ce14e9d6a7826f143abca6ef8a8dc30025007d0d0f9c2f36757d4ae9-9c7c-414f-a8dc-b9146a12c3b6 (Matched 34.png)
[BAD] ID 215 - c60cdc285061e76686bea0e58bf023254eed585ce111ed1fc0ecad58-390f-4a28-9552-11fe7312af68 (Matched 34.png)
[BAD] ID 216 - b5034e1cdae6c4571027508a0a8bce3b9f93d9d616b284a216e16488-5817-4cb3-969a-2205ce2c55a7 (Matched 34.png)
[OK] ID 217 - 661abf9767d1c8d57f67ace23cc7c4fec9d039dab2dc296931ac91f0-767a-4590-8d06-3a7aec125fb3 (Attempts: 1)
[BAD] ID 218 - 3461d2d7b51548a74b0c211406c0219f393ab0f8af994fe543821c44-29df-459b-a871-dc79f84048b7 (Matched 34.png)
[BAD] ID 219 - 15e987a55bdd65c28b06ce7756b292de9adead5948382009b0226732-fa38-4711-8b25-e6220404e052 (Matched 34.png)
[BAD] ID 220 - c32ba7c1b963bf535de9b346c3d3f3b426071e5aff71e3ff19ce52d7-9311-4729-bf14-a3fdb7365f18 (Matched 34.png)
[BAD] ID 221 - 31fd11e385fbe079be2e8afa3df9bb049e68cbf59d53e64337be6373-e9ee-4b65-b276-89aa0074d905 (Matched 34.png)
[BAD] ID 222 - d047f89e5cbffa19f6b3e111d70b905b036e0624a183e20bff7d7b94-5474-49de-8457-28a6571cf1a5 (Matched 34.png)
[OK] ID 223 - 2762e0fe82e19c2b4653f05756dad0e272fcd81992def496459adde4-19c0-4b09-9044-d3e46ba1746a (Attempts: 1)
[BAD] ID 224 - a533a71717eba9558c3d081937dc75865d0653e3ffd79829ea1c03ec-63e5-4f9a-88fa-9b397942f676 (Matched 34.png)
[BAD] ID 225 - 2612c9206686392b76cb04099e97162aab149cac24251a0d07b209a3-672c-4827-8161-b67e1464f860 (Matched 34.png)
[BAD] ID 226 - 81422544df371af4e3a621304459aff9eb448736cbd539c19a8c42f7-42f8-4684-8502-b3ff83445ad0 (Matched 34.png)
[OK] ID 227 - 03e8e43ee63915e57b02b20ca254d2a32ead760961923ef50a2be403-7f60-4425-8714-d041ae32f571 (Attempts: 1)
[OK] ID 228 - c53701b23c125c1e66a080165665b3251aee221b6421c210dc818665-b1d3-426f-ad73-ff5946272392 (Attempts: 1)
[OK] ID 229 - d0ab1e8d184962e225c5e9e772a8b978ec2b02c0b874f03b4a669792-eaeb-4faf-91de-eeb704209df1 (Attempts: 1)
[OK] ID 230 - 6fda186fb2978f0b22909916d5d0f4e598f9bbb68a221e00389726d3-1673-4df1-9e61-3864c71d357d (Attempts: 1)
[BAD] ID 231 - 7c10d422c125206f56423e46b91d5c47357893cc3f5acec3964b46d5-47f6-40fa-983f-0249deb2b896 (Matched 34.png)
[BAD] ID 232 - dc6ca2eb93a25405c5e409fd598a703e0614ab6d1f0dee3bba6003b8-23bb-4f0e-893c-6a680304b44c (Matched 34.png)
[BAD] ID 233 - 7c31a536d65ef3a02b8e86a8f0ab46eb7c6875db3ffe007371b82aee-f4f6-45c2-a00b-c8c06b5d263c (Matched 34.png)
[BAD] ID 234 - 5aabef492a3a0f77dc42c9be9dc962481fe5f7332422633bbe9913d9-d9f7-4a23-8def-c73acf1a7095 (Matched 34.png)
[BAD] ID 235 - c4196e980cccffcd9bae7b0146c634e1f4a148451035e54581dd1218-9462-419e-bedd-57c523b182d0 (Matched 34.png)
[BAD] ID 236 - 09909b56f1bcb334deef3aa6538545204eccffafbf72237ebd18d6cf-6c6f-4790-b54d-07bbc847c1dc (Matched 34.png)
[OK] ID 237 - 26a6f20c318184801d8f14106edd539a316f11544ca9935be77dcac6-c197-489c-97b0-a193e91a253d (Attempts: 1)
[BAD] ID 238 - 88b76b3a2b9385486b2067c48f325bac512c97cf5aa40f9b08cea59d-3bbd-4ade-a5c8-5c7c67582ae8 (Matched 34.png)
[BAD] ID 239 - 65df74028b2d88d6537e8b93cb35ad98b33a3d33008cbb8c241c46e0-7f1a-45fd-9823-545cc3bd7860 (Matched 34.png)
[BAD] ID 240 - 247c90b7db8812013548aaec1654990570742877a69554d7582d935e-658b-4f1e-a530-69b0c7618e93 (Matched 34.png)
[OK] ID 241 - 7cf2ea204efc26c1ca3c11f88404ebbfeeb8eee0b3e3e4e699880f29-6367-47d3-ad51-c5bd3c06d7fa (Attempts: 1)
[OK] ID 242 - 360c3dd488c39df23ece74deb0449e79de2e78a69124285c75e389ac-221b-421e-8637-5d963b7c2d15 (Attempts: 1)
[BAD] ID 243 - 51468257d86bb4b94e600bedad41d3ee112d9feb978551fe8310cfd4-a23d-4db8-a833-a4350fffc0cc (Matched 34.png)
[BAD] ID 244 - 632fc8b845a1b7d0f6c83dc41bb0e71578e48f808b076d05c4f266e3-c0b0-4e3b-9c78-cdb72a6954ec (Matched 34.png)
[BAD] ID 245 - b630caf602338878efcb330974378c57524c5d1117dee52abdaa58c8-f461-41f8-acbb-e62d1cbc7dce (Matched 34.png)
[OK] ID 246 - 429883b81ef25e82a81b84b6b3f6b726735db440a32829a3c4c4bee8-4b79-45c0-80c1-9af0c719b848 (Attempts: 1)
[BAD] ID 247 - 01f27da6652347b9976d2384a344cef6aa92c97ec72b83fd0accf9f2-1eb4-4d3c-83cc-0ebbf19440df (Matched 34.png)
[BAD] ID 248 - bcc147fd7619b5c8c06858e7e1e53253f8fb495c931c5e84f55fa40a-f341-48cc-a6ab-ca9f0f96b463 (Matched 34.png)
[BAD] ID 249 - 4c379b701778b1d2da0016ba350115a2780dcf721bff3c3f9de15516-2555-4b17-b4d8-0027f2bff3fc (Matched 34.png)
[BAD] ID 250 - aa621e647218e7e449a5f8e6bcf09d14a665440e1a1b81e5bc3b6711-0be9-47f2-a4e3-bde5df980521 (Matched 34.png)
[BAD] ID 251 - 9bb92124779fbbd3ef21d05a13fce4e020a4cbeb426bcccaf04b1e0f-b607-4378-9047-76c2854a2dc9 (Matched 34.png)
[BAD] ID 252 - 1ff926d0f766ff51f01f41ad048e1b8f7af859ac7b1702a993af4b1e-6462-438f-aa7f-c9fe6ebe4457 (Matched 34.png)
[OK] ID 253 - ff10781f75c689d7b29fcb86dd2303a0a560325a8931fd6b151c51a7-2eb2-4379-a946-380d37c96ae8 (Attempts: 1)
[BAD] ID 254 - 5f316aba8c0d10ecf5e292a63b74e28e9fd3c201e075dc7fb5aacf46-6a9f-4248-af26-3c0ab062c1fe (Matched 34.png)
[BAD] ID 255 - 64ecb3e7cf9ada8acec7d0b9c85e2534ede07b1b8b4d4e88663ce96b-8e4b-4758-9391-00f4b219d94d (Matched 34.png)
[OK] ID 256 - e1e94a8f2135640f8e85d0eab69ce1abf5377feb1b0ab5ff3694ae1c-f5e7-434b-89a8-78f9bcd24461 (Attempts: 1)
[BAD] ID 257 - 4d61ffeb2e0777c8d2bb2c826c51d49a28f2545007eee2c68522fc53-f050-475b-a587-a53f9e787060 (Matched 34.png)
[BAD] ID 258 - f34bc382f20af73cde5e80d04d06570e9dcef1546127d9ca9d3ab2e2-343c-4513-b39c-c9de78bdaafc (Matched 34.png)
[BAD] ID 259 - 43638ac7ec0038031d8ef554bb7a1481b2abb31b1fe4078838b84a7e-5fdf-4756-86de-e79c850c2b9d (Matched 34.png)
[BAD] ID 260 - 863715d0e03a632db7cadeb5b756dadb3d169ce14411be7a4e612804-cd2f-47af-a291-ef695dc8945c (Matched 34.png)
[BAD] ID 261 - 72dbade896c067cd028762f6816d6057313e2dd5f159042b5473cac1-a026-46af-8514-c90271156d2a (Matched 34.png)
[BAD] ID 262 - 406ca14c37e2f011106b39b307b2cb36a857d5023126c967568f06e0-ff86-42e4-9491-2d63b7565010 (Matched 34.png)
[BAD] ID 263 - 2c92567753a0c65e23e2b8ab86d968634e0567717bd8409dbaff05e7-0cd1-4302-b2c0-c3d60c3eb736 (Matched 34.png)
[BAD] ID 264 - 3770a35404486f927f6d13804d101767ae095e7e7d7c2f0af79210ea-7e4c-44fe-bb4d-7480957ce28c (Matched 34.png)
[BAD] ID 265 - e2fa9943243576857479ade72f61a6fa7688bac7c6275ef04fe2c17c-2498-4f93-8689-dd930645e172 (Matched 34.png)
[BAD] ID 266 - 173ce734809af2ee4ab2c8e3b738c256e8bd6d851d787750d9ced2a9-7731-47f1-aebf-7d5a204659da (Matched 34.png)
[OK] ID 267 - 30ad5a9864a7d8f5c4387290cc226040f03c568699f3c979488cf1e7-729b-4a8e-bb2e-f5aa236260f2 (Attempts: 1)
[BAD] ID 268 - 756c446835946a37c2a754f603b5823ba5164cc828954e848f93981e-4e31-4e59-915b-b357c4442370 (Matched 34.png)
[BAD] ID 269 - bab890a3df764c37520fe1f7ad9fe424b8330227e4f4a5947d4a1847-8d9d-4e57-b7cb-15d7573ff116 (Matched 34.png)
[OK] ID 270 - 5daac0761bfc2ac11327c0c6c01b5c3c975e8dce61d34fbbec8961e3-3512-47f9-9d4d-e39011ac7260 (Attempts: 1)
[BAD] ID 271 - 075ca38dfe0ff1f264d65fbb161cda8c58fcce0d2bd5372b453d53b2-7ade-4dde-8c2f-f6fcf3fc3c3b (Matched 34.png)
[BAD] ID 272 - 65d3223ce070058fc30a1b624d17ba38dd2f12925bc1bcb96a436291-2a29-404f-adec-00ff284c5ab3 (Matched 34.png)
[OK] ID 273 - cab0786a8968be692d4c7db47bdd4e7fbc431b91ffd87f794b9c8301-2fcb-4175-ae23-500faa232b2f (Attempts: 1)
[BAD] ID 274 - 63bcfd22853e87373bea9a721ab166dba2e06c7f931361708920efb1-1c12-4f1c-adee-8b6e419a19a3 (Matched 34.png)
[BAD] ID 275 - 95f3c31847cfa0f77dbd90c75f6ae0c110d25136e275aa6a40cfb516-765c-477c-85e8-a2b64e06f495 (Matched 34.png)
[BAD] ID 276 - 00c372a6bdaf90e86ec123f3f10d9f7c219f457b6b0b98950be70da6-97a6-4307-be7e-44e9d8547110 (Matched 34.png)
[BAD] ID 277 - 3d465e6dce12b890a4b7200b5201504d13df048078754b55107f156c-4c27-4db9-a344-765c007997fe (Matched 34.png)
[BAD] ID 278 - bf6f0aa3fe2be30aaa9d3b35764f4ebd159c64694c5b665fa66f5131-0b64-44eb-a633-b959ff022c78 (Matched 34.png)
[OK] ID 279 - 00afb1443f80bd1394a8f0a35a1b6b4801b533641328fd92b059928f-d011-4fc5-b8cf-c4dfed7cb02b (Attempts: 1)
[BAD] ID 280 - bc7ff6d6451b1ecb716dc1e0f971404f5e56cc737b094aa7406e4221-863d-4e6d-b5b2-4262a97674ae (Matched 34.png)
[BAD] ID 281 - c9b7363b42c28800db056b1d27a9c3e08cab06a0a3ca8119f33f4a1e-9bf4-499b-b073-ccb9a276478c (Matched 34.png)
[BAD] ID 282 - 7e03aa97d2046a74416e71ccc9ef56bdce142aaf8cf3786d91dda5d3-c2de-408e-8893-06a72030283c (Matched 34.png)
[BAD] ID 283 - 39ed1cf0df90c6f113356e66a16abc8a34eb0ce3230b5f8bdea44b0f-396f-4368-800d-91524df01993 (Matched 34.png)
[BAD] ID 284 - 836a99cd158314d166842aa08b6b3a014a391759a4c8bb165b53355d-3d0e-4724-becc-5f86d202117e (Matched 34.png)
